INFO  2024-11-08 11:52:21 [main] ru.otus.java.safarov.AuthenticationProvider (AuthenticationProvider.java:38) - Сервис аутентификации запущен. DB режим
INFO  2024-11-08 11:52:21 [main] ru.otus.java.safarov.Server (Server.java:27) - Сервер запущен. Порт: 8189
INFO  2024-11-08 11:52:32 [Thread-0] ru.otus.java.safarov.ClientHandler (ClientHandler.java:39) - Клиент asd1 прошел аутентификацию.
INFO  2024-11-08 11:53:40 [Thread-0] ru.otus.java.safarov.ClientHandler (ClientHandler.java:310) - Клиенту asd1 отравлено сообщение о закрытии
INFO  2024-11-08 11:56:51 [main] ru.otus.java.safarov.AuthenticationProvider (AuthenticationProvider.java:38) - Сервис аутентификации запущен. DB режим
INFO  2024-11-08 11:56:51 [main] ru.otus.java.safarov.Server (Server.java:27) - Сервер запущен. Порт: 8189
INFO  2024-11-08 11:56:57 [Thread-0] ru.otus.java.safarov.ClientHandler (ClientHandler.java:39) - Клиент asd1 прошел аутентификацию.
INFO  2024-11-08 11:57:34 [Thread-0] ru.otus.java.safarov.ClientHandler (ClientHandler.java:310) - Клиенту asd1 отравлено сообщение о закрытии
INFO  2024-11-08 11:59:44 [main] ru.otus.java.safarov.AuthenticationProvider (AuthenticationProvider.java:38) - Сервис аутентификации запущен. DB режим
INFO  2024-11-08 11:59:44 [main] ru.otus.java.safarov.Server (Server.java:27) - Сервер запущен. Порт: 8189
INFO  2024-11-08 12:00:13 [Thread-0] ru.otus.java.safarov.ClientHandler (ClientHandler.java:39) - Клиент asd1 прошел аутентификацию.
INFO  2024-11-08 12:03:22 [Thread-0] ru.otus.java.safarov.ClientHandler (ClientHandler.java:310) - Клиенту asd1 отравлено сообщение о закрытии
INFO  2024-11-08 12:05:49 [Thread-1] ru.otus.java.safarov.ClientHandler (ClientHandler.java:39) - Клиент asd1 прошел аутентификацию.
INFO  2024-11-08 12:05:59 [Thread-1] ru.otus.java.safarov.ClientHandler (ClientHandler.java:100) - Группа gr1 создана
INFO  2024-11-08 12:06:14 [Thread-2] ru.otus.java.safarov.ClientHandler (ClientHandler.java:39) - Клиент qwe1 прошел аутентификацию.
INFO  2024-11-08 12:06:25 [Thread-2] ru.otus.java.safarov.ClientHandler (ClientHandler.java:100) - Группа team1 создана
INFO  2024-11-08 12:07:26 [Thread-2] ru.otus.java.safarov.ClientHandler (ClientHandler.java:310) - Клиенту qwe1 отравлено сообщение о закрытии
INFO  2024-11-08 12:08:52 [main] ru.otus.java.safarov.AuthenticationProvider (AuthenticationProvider.java:38) - Сервис аутентификации запущен. DB режим
INFO  2024-11-08 12:08:52 [main] ru.otus.java.safarov.Server (Server.java:27) - Сервер запущен. Порт: 8189
INFO  2024-11-08 12:09:01 [Thread-0] ru.otus.java.safarov.ClientHandler (ClientHandler.java:39) - Клиент asd1 прошел аутентификацию.
INFO  2024-11-08 12:11:01 [main] ru.otus.java.safarov.AuthenticationProvider (AuthenticationProvider.java:38) - Сервис аутентификации запущен. DB режим
INFO  2024-11-08 12:11:01 [main] ru.otus.java.safarov.Server (Server.java:27) - Сервер запущен. Порт: 8189
INFO  2024-11-08 12:11:10 [Thread-0] ru.otus.java.safarov.ClientHandler (ClientHandler.java:39) - Клиент asd1 прошел аутентификацию.
INFO  2024-11-08 12:12:51 [main] ru.otus.java.safarov.AuthenticationProvider (AuthenticationProvider.java:38) - Сервис аутентификации запущен. DB режим
INFO  2024-11-08 12:12:51 [main] ru.otus.java.safarov.Server (Server.java:27) - Сервер запущен. Порт: 8189
INFO  2024-11-08 12:13:07 [Thread-0] ru.otus.java.safarov.ClientHandler (ClientHandler.java:39) - Клиент asd1 прошел аутентификацию.
INFO  2024-11-08 12:13:24 [Thread-0] ru.otus.java.safarov.ClientHandler (ClientHandler.java:310) - Клиенту asd1 отравлено сообщение о закрытии
INFO  2024-11-08 13:31:10 [main] ru.otus.java.safarov.AuthenticationProvider (AuthenticationProvider.java:38) - Сервис аутентификации запущен. DB режим
INFO  2024-11-08 13:31:10 [main] ru.otus.java.safarov.Server (Server.java:27) - Сервер запущен. Порт: 8189
INFO  2024-11-08 13:31:19 [Thread-0] ru.otus.java.safarov.ClientHandler (ClientHandler.java:39) - Клиент asd1 прошел аутентификацию.
INFO  2024-11-08 13:38:35 [main] ru.otus.java.safarov.AuthenticationProvider (AuthenticationProvider.java:38) - Сервис аутентификации запущен. DB режим
INFO  2024-11-08 13:38:35 [main] ru.otus.java.safarov.Server (Server.java:27) - Сервер запущен. Порт: 8189
INFO  2024-11-08 13:38:42 [Thread-0] ru.otus.java.safarov.ClientHandler (ClientHandler.java:39) - Клиент qwe1 прошел аутентификацию.
INFO  2024-11-08 13:38:55 [Thread-0] ru.otus.java.safarov.ClientHandler (ClientHandler.java:322) - Клиенту qwe1 отравлено сообщение о закрытии
INFO  2024-11-09 16:31:41 [main] ru.otus.java.safarov.AuthenticationProvider (AuthenticationProvider.java:39) - Сервис аутентификации запущен. DB режим
INFO  2024-11-09 16:31:41 [main] ru.otus.java.safarov.Server (Server.java:26) - Сервер запущен. Порт: 8189
INFO  2024-11-09 16:31:59 [Thread-0] ru.otus.java.safarov.ClientHandler (ClientHandler.java:39) - Клиент asd1 прошел аутентификацию.
INFO  2024-11-09 16:33:41 [Thread-1] ru.otus.java.safarov.ClientHandler (ClientHandler.java:39) - Клиент qwe1 прошел аутентификацию.
INFO  2024-11-09 16:34:35 [Thread-1] ru.otus.java.safarov.ClientHandler (ClientHandler.java:336) - Клиенту qwe1 отравлено сообщение о закрытии
